this is test for test5